// Jest Snapshot v1, https://goo.gl/fbAQLP

exports[`MaskInput snapshot 1`] = `
<div
  className="inputWrapper"
>
  <Memo(MaskWrapper)
    errors={
      Array [
        "error",
      ]
    }
    handleErrors={[Function]}
    mask="value"
    onChange={[MockFunction]}
    placeholder="placeholder"
    readOnly={false}
    separators={
      Array [
        "/",
      ]
    }
    value="value"
  >
    <Component />
  </Memo(MaskWrapper)>
</div>
`;
